// Jest Snapshot v1, https://goo.gl/fbAQLP

exports[`AddToProjectModal component should render correctly 1`] = `
<View
  style={
    Object {
      "backgroundColor": "#FFFFFF",
      "flex": 1,
    }
  }
>
  <ListView
    dataSource={
      Object {
        "_data": Array [],
        "getRowCount": [Function],
      }
    }
    enableEmptySections={true}
    keyboardShouldPersistTaps="handled"
    renderHeader={[Function]}
    renderRow={[Function]}
    renderSeparator={[Function]}
    scrollsToTop={true}
  />
  <KeyboardSpacer />
</View>
`;
