// Jest Snapshot v1, https://goo.gl/fbAQLP

exports[`CategoryBrowseScreen component should render correctly 1`] = `
<ListView
  accessibilityLabel="Categories"
  automaticallyAdjustContentInsets={false}
  dataSource={
    Object {
      "_data": Array [],
      "getRowCount": [Function],
    }
  }
  enableEmptySections={true}
  renderRow={[Function]}
  scrollsToTop={true}
/>
`;
