// Jest Snapshot v1, https://goo.gl/fbAQLP

exports[`ContactInfoScreen component should render correctly 1`] = `
<View
  style={
    Object {
      "backgroundColor": "#FFFFFF",
      "flex": 1,
    }
  }
>
  <Form
    onChange={[Function]}
    scrollsToTop={true}
  >
    <View
      style={
        Object {
          "flex": 1,
          "margin": 8,
        }
      }
    >
      <Text
        color="greyDark"
        size="small"
        style={
          Object {
            "marginBottom": 24,
            "marginTop": 8,
          }
        }
      >
        We need this information so we can contact you with any order updates.
      </Text>
      <Text
        color="error"
        size="small"
      />
      <View
        style={
          Object {
            "flexDirection": "row",
          }
        }
      >
        <FormInput
          accessibilityLabel="First Name"
          autoCapitalize="words"
          autoCorrect={false}
          componentStyle={
            Array [
              Object {
                "flexGrow": 1,
              },
              Object {
                "marginRight": 8,
              },
            ]
          }
          isRequired={true}
          isRequiredError="Required."
          label="First Name*"
          name="firstName"
          returnKeyType="next"
          value=""
        />
        <FormInput
          accessibilityLabel="Last Name"
          autoCapitalize="words"
          autoCorrect={false}
          componentStyle={
            Object {
              "flexGrow": 1,
            }
          }
          isRequired={true}
          isRequiredError="Required."
          label="Last Name*"
          name="lastName"
          returnKeyType="next"
          value=""
        />
      </View>
      <EmailAddressEdit
        accessibilityLabel="Email"
        emailAddress=""
        name="email"
        onSubmitEditing={[Function]}
        returnKeyType="done"
      />
      <KeyboardSpacer />
    </View>
  </Form>
  <KeyboardAwareView>
    <FixedBottomButton
      accessibilityLabel="Use This Info Button"
      buttonText="Use This Contact Information"
      hideOnKeyboardShow={true}
      isLoading={false}
      onPress={[Function]}
      trackAction="build:app:contactinfo:submit"
    />
  </KeyboardAwareView>
</View>
`;
