// Jest Snapshot v1, https://goo.gl/fbAQLP

exports[`CreditCardScreen component should render correctly 1`] = `
<View
  style={
    Object {
      "backgroundColor": "#EBEDEF",
      "flex": 1,
    }
  }
>
  <Form
    onChange={[Function]}
    scrollsToTop={true}
    style={
      Object {
        "paddingHorizontal": 8,
      }
    }
  >
    <View>
      <Text
        accessibilityLabel="Credit Card Header"
        size="large"
        style={
          Object {
            "marginTop": 8,
          }
        }
        weight="bold"
      >
        Enter your card information
      </Text>
      <Text
        color="error"
      >
        
      </Text>
    </View>
    <FormInput
      accessibilityLabel="Card Number Input"
      image={null}
      isRequired={true}
      isRequiredError="Card number is required."
      keyboardType="numeric"
      label="Card Number"
      maxLength={19}
      name="cardNumber"
      validateOnBlur={false}
      validationFunction={[Function]}
      value=""
    />
    <View
      style={
        Object {
          "flexDirection": "row",
        }
      }
    >
      <FormInput
        accessibilityLabel="Expiration Field"
        componentStyle={
          Object {
            "flex": 1,
            "marginRight": 8,
          }
        }
        isRequired={true}
        isRequiredError="Exp date is required."
        keyboardType="numeric"
        label="Expiration"
        maxLength={5}
        name="expDate"
        placeholder="mm/yy"
        validateOnBlur={false}
        validationFunction={[Function]}
        value=""
      />
      <View
        style={
          Object {
            "flex": 1,
          }
        }
      >
        <FormInput
          accessibilityLabel="Cvv"
          icon="information-circle"
          isRequired={true}
          isRequiredError="CVV is required."
          keyboardType="numeric"
          label="CVV code"
          maxLength={4}
          name="cvv"
          onIconPress={[Function]}
          returnKeyType="done"
          validateOnBlur={false}
          validationFunction={[Function]}
          value=""
        />
      </View>
    </View>
    <View>
      <Text
        weight="bold"
      >
        Billing Address
      </Text>
      <View
        accessibilityComponentType={undefined}
        accessibilityLabel="AddressSelect"
        accessibilityTraits={undefined}
        accessible={true}
        hitSlop={undefined}
        isTVSelectable={true}
        nativeID={undefined}
        onLayout={undefined}
        onResponderGrant={[Function]}
        onResponderMove={[Function]}
        onResponderRelease={[Function]}
        onResponderTerminate={[Function]}
        onResponderTerminationRequest={[Function]}
        onStartShouldSetResponder={[Function]}
        style={
          Object {
            "opacity": 1,
          }
        }
        testID={undefined}
        tvParallaxProperties={undefined}
      >
        <View
          style={
            Array [
              Object {
                "justifyContent": "space-between",
                "marginTop": 8,
              },
              Object {
                "alignItems": "center",
                "flexDirection": "row",
                "flexShrink": 1,
              },
              Object {
                "backgroundColor": "#FFFFFF",
                "borderColor": "#D0D3D4",
                "borderStyle": "solid",
                "borderWidth": 1,
                "flexWrap": "wrap",
                "padding": 8,
              },
              Object {},
            ]
          }
        >
          <View
            style={
              Array [
                Object {
                  "alignItems": "center",
                  "flexDirection": "row",
                  "flexShrink": 1,
                },
                Object {
                  "flex": 1,
                  "overflow": "hidden",
                },
              ]
            }
          >
            <Text>
              Enter a new Billing Address
            </Text>
          </View>
          <Icon
            color="#D0D3D4"
            name="ios-arrow-forward"
            size={28}
          />
        </View>
      </View>
    </View>
  </Form>
  <KeyboardAwareView>
    <FixedBottomButton
      accessibilityLabel="Use This Card Button"
      buttonText="Use This Card"
      hideOnKeyboardShow={true}
      isLoading={false}
      onPress={[Function]}
      pinToKeyboard={false}
      trackAction="build:app:creditcard:usecard"
    />
  </KeyboardAwareView>
</View>
`;
