// Jest Snapshot v1, https://goo.gl/fbAQLP

exports[`Main component should render correctly 1`] = `
<View
  style={
    Object {
      "flexGrow": 1,
    }
  }
>
  <TabBar
    projects={undefined}
    shoppingLists={undefined}
  />
</View>
`;
