// Jest Snapshot v1, https://goo.gl/fbAQLP

exports[`SalesBox Container should render with a sale 1`] = `
<View
  style={
    Object {
      "flexDirection": "row",
      "marginBottom": 16,
      "paddingHorizontal": 8,
    }
  }
>
  <Icon
    color="#D45D00"
    name="ios-pricetag"
    size={30}
  />
  <View
    style={
      Object {
        "flex": 1,
        "marginLeft": 16,
      }
    }
  >
    <Text
      color="accent"
      weight="bold"
    >
      Test Sale
    </Text>
    <View
      style={
        Object {
          "flexDirection": "row",
        }
      }
    >
      <Text
        color="greyDark"
        size="small"
        style={
          Object {
            "marginTop": 2,
          }
        }
      >
        Offer Ends 
        12/15/2016
      </Text>
      <LinkButton
        onPress={[Function]}
        style={
          Object {
            "paddingHorizontal": 8,
          }
        }
      >
        <Text
          color="primary"
          lineHeight={false}
          size="small"
        >
          View
           Details
        </Text>
      </LinkButton>
    </View>
  </View>
</View>
`;
