// Jest Snapshot v1, https://goo.gl/fbAQLP

exports[`CartActions setDeliveryDate should return a matching object 1`] = `
Object {
  "payload": Object {
    "deliveryDates": Object {},
    "requestedDeliveryDate": "2017-01-01T00:00:00.000Z",
  },
  "type": "SET_DELIVERY_DATE",
}
`;
