// Jest Snapshot v1, https://goo.gl/fbAQLP

exports[`BuildLibrary IconButton should render correctly 1`] = `
<Button
  accessibilityLabel="accessibilityLabel"
  borders={true}
  color="primary"
  isLoading={false}
  onPress={[Function]}
  size="regular"
  style={undefined}
  textColor="secondary"
  trackAction="trackAction"
  trackContextData={undefined}
>
  <View
    style={
      Object {
        "alignItems": "center",
        "flex": 1,
        "flexDirection": "row",
        "marginRight": 8,
      }
    }
  >
    <Icon
      color="#63666A"
      name="ios-alert"
      size={25}
      style={undefined}
    />
  </View>
</Button>
`;
