// Jest Snapshot v1, https://goo.gl/fbAQLP

exports[`BuildLibrary ImageButton should render correctly 1`] = `
<Button
  accessibilityLabel="accessibilityLabel"
  borders={true}
  color="white"
  onPress={[Function]}
  trackAction="trackAction"
>
  <View
    style={
      Object {
        "alignItems": "center",
        "flexDirection": "row",
      }
    }
  >
    <Image
      resizeMode="contain"
      size="none"
      source={undefined}
      style={
        Object {
          "marginRight": 8,
        }
      }
    />
  </View>
</Button>
`;
