// Jest Snapshot v1, https://goo.gl/fbAQLP

exports[`StepText component it should render 1`] = `
<View
  style={
    Array [
      Object {
        "backgroundColor": "#FFFFFF",
        "padding": 8,
      },
      undefined,
    ]
  }
>
  <Text
    style={
      Object {
        "alignSelf": "flex-end",
      }
    }
  >
    Step 
    1
     of 
    3
  </Text>
</View>
`;
