// Jest Snapshot v1, https://goo.gl/fbAQLP

exports[`AddToCartButton component should render correctly 1`] = `null`;
