// Jest Snapshot v1, https://goo.gl/fbAQLP

exports[`ContentTestRow component should render correctly 1`] = `
<View
  style={
    Object {
      "borderBottomColor": "#D0D3D4",
      "borderBottomWidth": 1,
      "padding": 16,
    }
  }
>
  <View
    accessibilityComponentType={undefined}
    accessibilityLabel={undefined}
    accessibilityTraits={undefined}
    accessible={true}
    hitSlop={undefined}
    isTVSelectable={true}
    nativeID={undefined}
    onLayout={undefined}
    onResponderGrant={[Function]}
    onResponderMove={[Function]}
    onResponderRelease={[Function]}
    onResponderTerminate={[Function]}
    onResponderTerminationRequest={[Function]}
    onStartShouldSetResponder={[Function]}
    style={
      Object {
        "alignItems": "center",
        "flexDirection": "row",
        "justifyContent": "space-between",
        "opacity": 1,
      }
    }
    testID={undefined}
    tvParallaxProperties={undefined}
  >
    <Text
      size="large"
      weight="bold"
    >
      label
    </Text>
    <Icon
      color="#63666A"
      name="ios-arrow-down"
      size={25}
    />
  </View>
</View>
`;
