// Jest Snapshot v1, https://goo.gl/fbAQLP

exports[`PricedOptions component should render with default props 1`] = `null`;
